---
source: tui/src/i18n_tests.rs
expression: "format!(\"{buffer:?}\")"
---
Buffer {
    area: Rect { x: 0, y: 0, width: 80, height: 24 },
    content: [
        "╭─ Codex CCU v0.157.0 ─────────────────────────────────────────────────────────╮",
        "│ 欢迎回来！                                                                   │", // hidden by multi-width symbols: [(3, " "), (5, " "), (7, " "), (9, " "), (11, " ")]
        "│ >_  gpt-6-astra · 高                                                         │", // hidden by multi-width symbols: [(21, " ")]
        "│ D:\工作区\中文项目                                                           │", // hidden by multi-width symbols: [(6, " "), (8, " "), (10, " "), (13, " "), (15, " "), (17, " "), (19, " ")]
        "│ 完全访问权限                                                                 │", // hidden by multi-width symbols: [(3, " "), (5, " "), (7, " "), (9, " "), (11, " "), (13, " ")]
        "│ /init · /model · /permissions · /status                                      │",
        "╰──────────────────────────────────────────────────────────────────────────────╯",
        "                                                                                ",
        "                                                                                ",
        "────────────────────────────────────────────────────────────────────────────────",
        "                                                                                ",
        "────────────────────────────────────────────────────────────────────────────────",
        "                                                                                ",
        "                                                                                ",
        "                                                                                ",
        "                                                                                ",
        "                                                                                ",
        "                                                                                ",
        "                                                                                ",
        "                                                                                ",
        "                                                                                ",
        "                                                                                ",
        "                                                                                ",
        "                                                                                ",
    ],
    styles: [
        x: 0, y: 0, fg: Rgb(237, 135, 150), bg: Reset, underline: Reset, modifier: NONE,
        x: 2, y: 0, fg: Rgb(255, 107, 128), bg: Reset, underline: Reset, modifier: BOLD,
        x: 13, y: 0, fg: Rgb(165, 173, 203), bg: Reset, underline: Reset, modifier: NONE,
        x: 22, y: 0, fg: Rgb(237, 135, 150), bg: Reset, underline: Reset, modifier: NONE,
        x: 2, y: 1, fg: Rgb(202, 211, 245), bg: Reset, underline: Reset, modifier: BOLD,
        x: 3, y: 1, fg: Reset, bg: Reset, underline: Reset, modifier: NONE,
        x: 4, y: 1, fg: Rgb(202, 211, 245), bg: Reset, underline: Reset, modifier: BOLD,
        x: 5, y: 1, fg: Reset, bg: Reset, underline: Reset, modifier: NONE,
        x: 6, y: 1, fg: Rgb(202, 211, 245), bg: Reset, underline: Reset, modifier: BOLD,
        x: 7, y: 1, fg: Reset, bg: Reset, underline: Reset, modifier: NONE,
        x: 8, y: 1, fg: Rgb(202, 211, 245), bg: Reset, underline: Reset, modifier: BOLD,
        x: 9, y: 1, fg: Reset, bg: Reset, underline: Reset, modifier: NONE,
        x: 10, y: 1, fg: Rgb(202, 211, 245), bg: Reset, underline: Reset, modifier: BOLD,
        x: 11, y: 1, fg: Reset, bg: Reset, underline: Reset, modifier: NONE,
        x: 78, y: 1, fg: Rgb(237, 135, 150), bg: Reset, underline: Reset, modifier: NONE,
        x: 2, y: 2, fg: Rgb(202, 211, 245), bg: Reset, underline: Reset, modifier: NONE,
        x: 21, y: 2, fg: Reset, bg: Reset, underline: Reset, modifier: NONE,
        x: 78, y: 2, fg: Rgb(237, 135, 150), bg: Reset, underline: Reset, modifier: NONE,
        x: 2, y: 3, fg: Rgb(165, 173, 203), bg: Reset, underline: Reset, modifier: NONE,
        x: 6, y: 3, fg: Reset, bg: Reset, underline: Reset, modifier: NONE,
        x: 7, y: 3, fg: Rgb(165, 173, 203), bg: Reset, underline: Reset, modifier: NONE,
        x: 8, y: 3, fg: Reset, bg: Reset, underline: Reset, modifier: NONE,
        x: 9, y: 3, fg: Rgb(165, 173, 203), bg: Reset, underline: Reset, modifier: NONE,
        x: 10, y: 3, fg: Reset, bg: Reset, underline: Reset, modifier: NONE,
        x: 11, y: 3, fg: Rgb(165, 173, 203), bg: Reset, underline: Reset, modifier: NONE,
        x: 13, y: 3, fg: Reset, bg: Reset, underline: Reset, modifier: NONE,
        x: 14, y: 3, fg: Rgb(165, 173, 203), bg: Reset, underline: Reset, modifier: NONE,
        x: 15, y: 3, fg: Reset, bg: Reset, underline: Reset, modifier: NONE,
        x: 16, y: 3, fg: Rgb(165, 173, 203), bg: Reset, underline: Reset, modifier: NONE,
        x: 17, y: 3, fg: Reset, bg: Reset, underline: Reset, modifier: NONE,
        x: 18, y: 3, fg: Rgb(165, 173, 203), bg: Reset, underline: Reset, modifier: NONE,
        x: 19, y: 3, fg: Reset, bg: Reset, underline: Reset, modifier: NONE,
        x: 78, y: 3, fg: Rgb(237, 135, 150), bg: Reset, underline: Reset, modifier: NONE,
        x: 2, y: 4, fg: Rgb(255, 107, 128), bg: Reset, underline: Reset, modifier: NONE,
        x: 3, y: 4, fg: Reset, bg: Reset, underline: Reset, modifier: NONE,
        x: 4, y: 4, fg: Rgb(255, 107, 128), bg: Reset, underline: Reset, modifier: NONE,
        x: 5, y: 4, fg: Reset, bg: Reset, underline: Reset, modifier: NONE,
        x: 6, y: 4, fg: Rgb(255, 107, 128), bg: Reset, underline: Reset, modifier: NONE,
        x: 7, y: 4, fg: Reset, bg: Reset, underline: Reset, modifier: NONE,
        x: 8, y: 4, fg: Rgb(255, 107, 128), bg: Reset, underline: Reset, modifier: NONE,
        x: 9, y: 4, fg: Reset, bg: Reset, underline: Reset, modifier: NONE,
        x: 10, y: 4, fg: Rgb(255, 107, 128), bg: Reset, underline: Reset, modifier: NONE,
        x: 11, y: 4, fg: Reset, bg: Reset, underline: Reset, modifier: NONE,
        x: 12, y: 4, fg: Rgb(255, 107, 128), bg: Reset, underline: Reset, modifier: NONE,
        x: 13, y: 4, fg: Reset, bg: Reset, underline: Reset, modifier: NONE,
        x: 78, y: 4, fg: Rgb(237, 135, 150), bg: Reset, underline: Reset, modifier: NONE,
        x: 2, y: 5, fg: Rgb(165, 173, 203), bg: Reset, underline: Reset, modifier: NONE,
        x: 41, y: 5, fg: Reset, bg: Reset, underline: Reset, modifier: NONE,
        x: 78, y: 5, fg: Rgb(237, 135, 150), bg: Reset, underline: Reset, modifier: NONE,
        x: 0, y: 7, fg: Reset, bg: Reset, underline: Reset, modifier: NONE,
        x: 0, y: 9, fg: Rgb(165, 173, 203), bg: Reset, underline: Reset, modifier: NONE,
        x: 0, y: 10, fg: Reset, bg: Reset, underline: Reset, modifier: NONE,
        x: 0, y: 11, fg: Rgb(165, 173, 203), bg: Reset, underline: Reset, modifier: NONE,
        x: 0, y: 12, fg: Reset, bg: Reset, underline: Reset, modifier: NONE,
    ]
}
