---
source: tui/src/update_prompt.rs
assertion_line: 343
expression: terminal.backend()
---

  Update available · 0.1.4 → 0.1.5
  Release notes: https://github.com/Cec1c/codex-cli-ultra/releases/tag/v0.1.5

› 1. Open CCU updater                                                                   
  2. Skip
  3. Skip until next version

  enter continue · esc skip
